WARNING: CIRLCE_TOKEN is not set. Without it we can't fetch artifacts from builds!
Getting list of artifacts ...
Getting WAR
Getting E2E docu
Getting example docu
New branch config:
{
  "branchName": "testBranch",
  "encodedBranchName": "testBranch",
  "timestamp": "1541188077",
  "buildNumber": "227",
  "triggeredBy": "testUser",
  "pullRequestUrl": "http://foobar/PR",
  "buildUrl": "https://circleci.com/gh/scenarioo/scenarioo/227",
  "warArtifact": "https://227-10269178-gh.circle-artifacts.com/0/scenarioo.war",
  "warArtifactSha256": "5cbda4b2145d5a78d695a9a01f37717f2fdb0f69436ad55a28c4a0a00a1664cc",
  "exampleDocuArtifact": "https://227-10269178-gh.circle-artifacts.com/0/exampleScenariooDocu.zip",
  "exampleDocuArtifactSha256": "420d68a8e37e62c19d0b6af47bbb658c673c31746b651d6f90c23b2e5230e416",
  "docuArtifacts": [
    {
      "url": "https://227-10269178-gh.circle-artifacts.com/0/e2eScenariooDocu.zip",
      "sha256": "321cf783e6b740b33e69735b513d8aa337bfc45482804162f3b3f39a84b6490e",
      "build": "227"
    }
  ]
}
Writing config file tests/tmp/demos/testBranch.json...
Demo testBranch added. Starting cleanup ...

Updating list of demos: overviewpage/demos.json
Persistent branches: "master","develop"
Max demos:       2
Total demos:     1
Demos to remove: 0
==================================
==================================
Updating list of demos: overviewpage/demos.json
