[
  {
    "branchName": "demo1",
    "encodedBranchName": "demo1",
    "timestamp": "1540191329",
    "buildNumber": "188",
    "triggeredBy": "cgrossde",
    "pullRequestUrl": "",
    "buildUrl": "https://circleci.com/gh/scenarioo/scenarioo/188",
    "warArtifact": "https://188-10269178-gh.circle-artifacts.com/0/scenarioo.war",
    "warArtifactSha256": "b546ab270b1bd4eccbf0b3a5ee0040d35f6676462c93963b0bea6ed942f29cfb",
    "docuArtifacts": [
      {
        "url": "https://188-10269178-gh.circle-artifacts.com/0/e2eScenariooDocu.zip",
        "sha256": "a976801bd71e75fa55998ca93e0a4f424e150c26831bbec16029a92ff8710b94",
        "build": "188"
      },
      {
        "url": "https://117-10269178-gh.circle-artifacts.com/0/e2eScenariooDocu.zip",
        "sha256": "3d69d407c77ad62d7407ee029bb8c295966c1e4f5839d52e121604de3aed3ca0",
        "build": "117"
      },
      {
        "url": "https://117-10269178-gh.circle-artifacts.com/0/e2eScenariooDocu.zip",
        "sha256": "1d69d407c77ad62d7407ee029bb8c295966c1e4f5839d52e121604de3aed3ca0",
        "build": "110"
      }
    ]
  },
  {
    "branchName": "demo2",
    "encodedBranchName": "demo2",
    "timestamp": "1540191329",
    "buildNumber": "188",
    "triggeredBy": "cgrossde",
    "pullRequestUrl": "",
    "buildUrl": "https://circleci.com/gh/scenarioo/scenarioo/188",
    "warArtifact": "https://188-10269178-gh.circle-artifacts.com/0/scenarioo.war",
    "warArtifactSha256": "b546ab270b1bd4eccbf0b3a5ee0040d35f6676462c93963b0bea6ed942f29cfb",
    "docuArtifacts": [
      {
        "url": "https://188-10269178-gh.circle-artifacts.com/0/e2eScenariooDocu.zip",
        "sha256": "a976801bd71e75fa55998ca93e0a4f424e150c26831bbec16029a92ff8710b94",
        "build": "188"
      },
      {
        "url": "https://117-10269178-gh.circle-artifacts.com/0/e2eScenariooDocu.zip",
        "sha256": "3d69d407c77ad62d7407ee029bb8c295966c1e4f5839d52e121604de3aed3ca0",
        "build": "117"
      },
      {
        "url": "https://117-10269178-gh.circle-artifacts.com/0/e2eScenariooDocu.zip",
        "sha256": "1d69d407c77ad62d7407ee029bb8c295966c1e4f5839d52e121604de3aed3ca0",
        "build": "110"
      }
    ]
  }
]
